[html.rainbow-themes.net/setech/index.html]
[backblue.gif]
[fade.gif]
[index.html]
[html.rainbow-themes.net/setech/css/bootstrap.css]
[html.rainbow-themes.net/setech/plugins/revolution/css/settings.css]
[html.rainbow-themes.net/setech/plugins/revolution/css/layers.css]
[html.rainbow-themes.net/setech/plugins/revolution/css/navigation.css]
[html.rainbow-themes.net/setech/css/style.css]
[html.rainbow-themes.net/setech/css/responsive.css]
[html.rainbow-themes.net/setech/images/favicon.png]
[html.rainbow-themes.net/setech/index-2.html]
[html.rainbow-themes.net/setech/images/logo.png]
[html.rainbow-themes.net/setech/images/logo-5.png]
[html.rainbow-themes.net/setech/index-3.html]
[html.rainbow-themes.net/setech/index-4.html]
[html.rainbow-themes.net/setech/about.html]
[html.rainbow-themes.net/setech/case-study.html]
[html.rainbow-themes.net/setech/why-choose-us.html]
[html.rainbow-themes.net/setech/pricing-plans.html]
[html.rainbow-themes.net/setech/managed-it.html]
[html.rainbow-themes.net/setech/it-consultancy.html]
[html.rainbow-themes.net/setech/elements.html]
[html.rainbow-themes.net/setech/blog-checkerboard.html]
[html.rainbow-themes.net/setech/blog-masonry.html]
[html.rainbow-themes.net/setech/blog-two-col.html]
[html.rainbow-themes.net/setech/blog-three-col.html]
[html.rainbow-themes.net/setech/blog-three-col-wide.html]
[html.rainbow-themes.net/setech/blog-four-col-wide.html]
[html.rainbow-themes.net/setech/blog-large-images.html]
[html.rainbow-themes.net/setech/blog-small-images.html]
[html.rainbow-themes.net/setech/blog-right-sidebar.html]
[html.rainbow-themes.net/setech/blog-left-sidebar.html]
[html.rainbow-themes.net/setech/blog-post-audio.html]
[html.rainbow-themes.net/setech/blog-post-gallery.html]
[html.rainbow-themes.net/setech/blog-post-link.html]
[html.rainbow-themes.net/setech/blog-post-quote.html]
[html.rainbow-themes.net/setech/blog-post-image.html]
[html.rainbow-themes.net/setech/blog-post-video.html]
[html.rainbow-themes.net/setech/images/resource/post-thumb-5.jpg]
[html.rainbow-themes.net/setech/images/resource/post-thumb-6.jpg]
[html.rainbow-themes.net/setech/images/resource/post-thumb-7.jpg]
[html.rainbow-themes.net/setech/portfolio-single-small-images.html]
[html.rainbow-themes.net/setech/portfolio-single-small-slider.html]
[html.rainbow-themes.net/setech/portfolio-single-large-slider.html]
[html.rainbow-themes.net/setech/portfolio-single-gallery.html]
[html.rainbow-themes.net/setech/portfolio-single-small-masonry.html]
[html.rainbow-themes.net/setech/portfolio-single-large-masonry.html]
[html.rainbow-themes.net/setech/portfolio-asymetric.html]
[html.rainbow-themes.net/setech/portfolio-motion-category.html]
[html.rainbow-themes.net/setech/portfolio-slider.html]
[html.rainbow-themes.net/setech/portfolio-masonry.html]
[html.rainbow-themes.net/setech/portfolio-three-col.html]
[html.rainbow-themes.net/setech/portfolio-slide-left.html]
[html.rainbow-themes.net/setech/shop.html]
[html.rainbow-themes.net/setech/shop-single.html]
[html.rainbow-themes.net/setech/shopping-cart.html]
[html.rainbow-themes.net/setech/checkout.html]
[html.rainbow-themes.net/setech/contact.html]
[html.rainbow-themes.net/setech/images/main-slider/1.jpg]
[html.rainbow-themes.net/setech/images/main-slider/2.jpg]
[html.rainbow-themes.net/setech/images/main-slider/3.jpg]
[html.rainbow-themes.net/setech/images/background/1.jpg]
[html.rainbow-themes.net/setech/service-detail.html]
[html.rainbow-themes.net/setech/images/resource/case-1.jpg]
[html.rainbow-themes.net/setech/images/icons/case_icon_1.png]
[html.rainbow-themes.net/setech/images/resource/case-2.jpg]
[html.rainbow-themes.net/setech/images/icons/case_icon_2.png]
[html.rainbow-themes.net/setech/images/resource/case-3.jpg]
[html.rainbow-themes.net/setech/images/icons/case_icon_3.png]
[html.rainbow-themes.net/setech/images/clients/1_hover.png]
[html.rainbow-themes.net/setech/images/clients/1.png]
[html.rainbow-themes.net/setech/images/clients/2_hover.png]
[html.rainbow-themes.net/setech/images/clients/2.png]
[html.rainbow-themes.net/setech/images/clients/3_hover.png]
[html.rainbow-themes.net/setech/images/clients/3.png]
[html.rainbow-themes.net/setech/images/clients/4_hover.png]
[html.rainbow-themes.net/setech/images/clients/4.png]
[html.rainbow-themes.net/setech/images/clients/5_hover.png]
[html.rainbow-themes.net/setech/images/clients/5.png]
[html.rainbow-themes.net/setech/images/clients/6_hover.png]
[html.rainbow-themes.net/setech/images/clients/6.png]
[html.rainbow-themes.net/setech/images/background/2.jpg]
[html.rainbow-themes.net/setech/images/background/3.jpg]
[html.rainbow-themes.net/setech/images/resource/testi-thumb-1.jpg]
[html.rainbow-themes.net/setech/images/resource/testi-thumb-2.jpg]
[html.rainbow-themes.net/setech/images/resource/testi-thumb-3.jpg]
[html.rainbow-themes.net/setech/images/resource/testi-thumb-4.jpg]
[html.rainbow-themes.net/setech/images/resource/image-1.jpg]
[html.rainbow-themes.net/setech/images/resource/image-2.jpg]
[html.rainbow-themes.net/setech/images/resource/image-3.jpg]
[html.rainbow-themes.net/setech/images/resource/news-1.jpg]
[html.rainbow-themes.net/setech/images/resource/author-thumb.png]
[html.rainbow-themes.net/setech/images/resource/news-2.jpg]
[html.rainbow-themes.net/setech/images/resource/news-3.jpg]
[html.rainbow-themes.net/setech/images/background/4.jpg]
[html.rainbow-themes.net/setech/js/jquery.js]
[html.rainbow-themes.net/setech/js/popper.min.js]
[html.rainbow-themes.net/setech/js/bootstrap.min.js]
[html.rainbow-themes.net/setech/plugins/revolution/js/jquery.themepunch.revolution.min.js]
[html.rainbow-themes.net/setech/plugins/revolution/js/jquery.themepunch.tools.min.js]
[html.rainbow-themes.net/setech/plugins/revolution/js/extensions/revolution.extension.actions.min.js]
[html.rainbow-themes.net/setech/plugins/revolution/js/extensions/revolution.extension.carousel.min.js]
[html.rainbow-themes.net/setech/plugins/revolution/js/extensions/revolution.extension.kenburn.min.js]
[html.rainbow-themes.net/setech/plugins/revolution/js/extensions/revolution.extension.layeranimation.min.js]
[html.rainbow-themes.net/setech/plugins/revolution/js/extensions/revolution.extension.migration.min.js]
[html.rainbow-themes.net/setech/plugins/revolution/js/extensions/revolution.extension.navigation.min.js]
[html.rainbow-themes.net/setech/plugins/revolution/js/extensions/revolution.extension.parallax.min.js]
[html.rainbow-themes.net/setech/plugins/revolution/js/extensions/revolution.extension.slideanims.min.js]
[html.rainbow-themes.net/setech/plugins/revolution/js/extensions/revolution.extension.video.min.js]
[html.rainbow-themes.net/setech/js/main-slider-script.js]
[html.rainbow-themes.net/setech/js/jquery.fancybox.js]
[html.rainbow-themes.net/setech/js/owl.js]
[html.rainbow-themes.net/setech/js/appear.js]
[html.rainbow-themes.net/setech/index.html]
[html.rainbow-themes.net/setech/css/bootstrap.css]
[html.rainbow-themes.net/setech/js/script.js]
[html.rainbow-themes.net/setech/plugins/revolution/fonts/revicons/revicons90c6.eot]
[html.rainbow-themes.net/setech/plugins/revolution/fonts/revicons/revicons90c6.woff]
[html.rainbow-themes.net/setech/plugins/revolution/fonts/revicons/revicons90c6.ttf]
[html.rainbow-themes.net/setech/plugins/revolution/fonts/revicons/revicons90c6.svg]
[html.rainbow-themes.net/setech/plugins/revolution/assets/gridtile.png]
[html.rainbow-themes.net/setech/plugins/revolution/assets/gridtile_white.png]
[html.rainbow-themes.net/setech/plugins/revolution/assets/gridtile_3x3.png]
[html.rainbow-themes.net/setech/plugins/revolution/assets/gridtile_3x3_white.png]
[html.rainbow-themes.net/setech/plugins/revolution/assets/coloredbg.png]
[html.rainbow-themes.net/setech/plugins/revolution/assets/loader.gif]
[html.rainbow-themes.net/setech/plugins/revolution/css/settings.css]
[html.rainbow-themes.net/setech/plugins/revolution/css/layers.css]
[html.rainbow-themes.net/setech/plugins/revolution/css/navigation.css]
[html.rainbow-themes.net/setech/css/flaticon.css]
[html.rainbow-themes.net/setech/css/fontawesome-all.css]
[html.rainbow-themes.net/setech/css/animate.css]
[html.rainbow-themes.net/setech/css/owl.css]
[html.rainbow-themes.net/setech/css/jquery-ui.min.css]
[html.rainbow-themes.net/setech/css/jquery.fancybox.min.css]
[html.rainbow-themes.net/setech/images/icons/loader.gif]
[html.rainbow-themes.net/setech/images/icons/pattern_1.png]
[html.rainbow-themes.net/setech/css/style.css]
[html.rainbow-themes.net/setech/css/responsive.css]
[html.rainbow-themes.net/setech/index-2.html]
[html.rainbow-themes.net/setech/images/logo-2.png]
[html.rainbow-themes.net/setech/images/main-slider/4.jpg]
[html.rainbow-themes.net/setech/images/main-slider/5.jpg]
[html.rainbow-themes.net/setech/images/background/5.jpg]
[html.rainbow-themes.net/setech/images/resource/service_bg_1.jpg]
[html.rainbow-themes.net/setech/images/icons/service_icon_1.png]
[html.rainbow-themes.net/setech/images/resource/service_bg_3.jpg]
[html.rainbow-themes.net/setech/images/icons/service_icon_3.png]
[html.rainbow-themes.net/setech/images/resource/service_bg_2.jpg]
[html.rainbow-themes.net/setech/images/icons/service_icon_2.png]
[html.rainbow-themes.net/setech/images/resource/service_bg_4.jpg]
[html.rainbow-themes.net/setech/images/icons/service_icon_4.png]
[html.rainbow-themes.net/setech/images/background/7.jpg]
[html.rainbow-themes.net/setech/images/background/8.jpg]
[html.rainbow-themes.net/setech/images/resource/team-1.jpg]
[html.rainbow-themes.net/setech/images/resource/team-2.jpg]
[html.rainbow-themes.net/setech/images/resource/team-3.jpg]
[html.rainbow-themes.net/setech/images/resource/team-4.jpg]
[html.rainbow-themes.net/setech/images/clients/1_hover_red.png]
[html.rainbow-themes.net/setech/images/clients/2_hover_red.png]
[html.rainbow-themes.net/setech/images/clients/3_hover_red.png]
[html.rainbow-themes.net/setech/images/clients/4_hover_red.png]
[html.rainbow-themes.net/setech/images/clients/5_hover_red.png]
[html.rainbow-themes.net/setech/images/clients/6_hover_red.png]
[html.rainbow-themes.net/setech/images/background/6.jpg]
[html.rainbow-themes.net/setech/index-3.html]
[html.rainbow-themes.net/setech/images/logo-3.png]
[html.rainbow-themes.net/setech/images/resource/products/item-thumb-1.jpg]
[html.rainbow-themes.net/setech/images/resource/products/item-thumb-2.jpg]
[html.rainbow-themes.net/setech/images/resource/products/item-thumb-3.jpg]
[html.rainbow-themes.net/setech/cart.html]
[html.rainbow-themes.net/setech/images/main-slider/7.jpg]
[html.rainbow-themes.net/setech/images/main-slider/8.jpg]
[html.rainbow-themes.net/setech/images/main-slider/9.jpg]
[html.rainbow-themes.net/setech/images/background/9.jpg]
[html.rainbow-themes.net/setech/images/background/10.jpg]
[html.rainbow-themes.net/setech/images/logo-4.png]
[html.rainbow-themes.net/setech/index-4.html]
[html.rainbow-themes.net/setech/images/background/12.jpg]
[html.rainbow-themes.net/setech/images/background/11.jpg]
[html.rainbow-themes.net/setech/images/background/12.png]
[html.rainbow-themes.net/setech/images/resource/news-4.jpg]
[html.rainbow-themes.net/setech/images/resource/news-5.jpg]
[html.rainbow-themes.net/setech/images/resource/news-6.jpg]
[html.rainbow-themes.net/setech/images/resource/news-7.jpg]
[html.rainbow-themes.net/setech/about.html]
[html.rainbow-themes.net/setech/images/resource/case-4.jpg]
[html.rainbow-themes.net/setech/images/icons/case_icon_4.png]
[html.rainbow-themes.net/setech/images/resource/case-5.jpg]
[html.rainbow-themes.net/setech/images/icons/case_icon_5.png]
[html.rainbow-themes.net/setech/images/resource/case-6.jpg]
[html.rainbow-themes.net/setech/images/icons/case_icon_6.png]
[html.rainbow-themes.net/setech/case-study.html]
[html.rainbow-themes.net/setech/images/background/14.jpg]
[html.rainbow-themes.net/setech/images/background/15.jpg]
[html.rainbow-themes.net/setech/why-choose-us.html]
[html.rainbow-themes.net/setech/pricing-plans.html]
[html.rainbow-themes.net/setech/images/background/16.jpg]
[html.rainbow-themes.net/setech/images/background/17.jpg]
[html.rainbow-themes.net/setech/managed-it.html]
[html.rainbow-themes.net/setech/images/background/18.jpg]
[html.rainbow-themes.net/setech/images/background/19.jpg]
[html.rainbow-themes.net/setech/it-consultancy.html]
[html.rainbow-themes.net/setech/images/gallery/6.jpg]
[html.rainbow-themes.net/setech/images/gallery/7.jpg]
[html.rainbow-themes.net/setech/images/gallery/11.jpg]
[html.rainbow-themes.net/setech/images/gallery/4.jpg]
[html.rainbow-themes.net/setech/images/gallery/0.jpg]
[html.rainbow-themes.net/setech/images/gallery/9.jpg]
[html.rainbow-themes.net/setech/images/resource/banner-bg-2.png]
[html.rainbow-themes.net/setech/images/resource/banner-bg-1.png]
[html.rainbow-themes.net/setech/images/resource/banner-bg-3.jpg]
[html.rainbow-themes.net/setech/images/resource/banner-bg-4.jpg]
[html.rainbow-themes.net/setech/images/resource/banner-bg-5.jpg]
[html.rainbow-themes.net/setech/images/resource/banner-bg-6.png]
[html.rainbow-themes.net/setech/js/sticky_sidebar.min.js]
[html.rainbow-themes.net/setech/js/jquery-ui.min.js]
[html.rainbow-themes.net/setech/elements.html]
[html.rainbow-themes.net/setech/js/isotope.js]
[html.rainbow-themes.net/setech/images/resource/blog-1.jpg]
[html.rainbow-themes.net/setech/images/resource/blog-2.jpg]
[html.rainbow-themes.net/setech/images/resource/blog-3.jpg]
[html.rainbow-themes.net/setech/images/resource/blog-4.jpg]
[html.rainbow-themes.net/setech/images/resource/blog-5.jpg]
[html.rainbow-themes.net/setech/images/resource/blog-6.jpg]
[html.rainbow-themes.net/setech/images/resource/blog-7.jpg]
[html.rainbow-themes.net/setech/images/resource/blog-8.jpg]
[html.rainbow-themes.net/setech/blog-checkerboard.html]
[html.rainbow-themes.net/setech/images/resource/blog-masonry-1.jpg]
[html.rainbow-themes.net/setech/images/resource/blog-masonry-2.jpg]
[html.rainbow-themes.net/setech/images/resource/blog-masonry-3.jpg]
[html.rainbow-themes.net/setech/images/resource/blog-masonry-4.jpg]
[html.rainbow-themes.net/setech/images/resource/blog-masonry-6.jpg]
[html.rainbow-themes.net/setech/images/resource/blog-masonry-5.jpg]
[html.rainbow-themes.net/setech/blog-masonry.html]
[html.rainbow-themes.net/setech/blog-two-col.html]
[html.rainbow-themes.net/setech/images/resource/blog-9.jpg]
[html.rainbow-themes.net/setech/blog-three-col.html]
[html.rainbow-themes.net/setech/blog-three-col-wide.html]
[html.rainbow-themes.net/setech/images/resource/blog-10.jpg]
[html.rainbow-themes.net/setech/images/resource/blog-12.jpg]
[html.rainbow-themes.net/setech/images/resource/blog-11.jpg]
[html.rainbow-themes.net/setech/blog-four-col-wide.html]
[html.rainbow-themes.net/setech/images/resource/blog-large-1.jpg]
[html.rainbow-themes.net/setech/images/resource/blog-large-2.jpg]
[html.rainbow-themes.net/setech/images/resource/blog-large-3.jpg]
[html.rainbow-themes.net/setech/images/resource/blog-large-4.jpg]
[html.rainbow-themes.net/setech/images/resource/blog-large-5.jpg]
[html.rainbow-themes.net/setech/blog-large-images.html]
[html.rainbow-themes.net/setech/blog-small-images.html]
[html.rainbow-themes.net/setech/images/resource/post-thumb-1.jpg]
[html.rainbow-themes.net/setech/blog-single.html]
[html.rainbow-themes.net/setech/images/resource/post-thumb-2.jpg]
[html.rainbow-themes.net/setech/images/resource/post-thumb-3.jpg]
[html.rainbow-themes.net/setech/blog-right-sidebar.html]
[html.rainbow-themes.net/setech/images/resource/insta-1.jpg]
[html.rainbow-themes.net/setech/images/resource/insta-2.jpg]
[html.rainbow-themes.net/setech/images/resource/insta-3.jpg]
[html.rainbow-themes.net/setech/images/resource/insta-4.jpg]
[html.rainbow-themes.net/setech/images/resource/insta-5.jpg]
[html.rainbow-themes.net/setech/images/resource/insta-6.jpg]
[html.rainbow-themes.net/setech/images/resource/insta-7.jpg]
[html.rainbow-themes.net/setech/images/resource/insta-8.jpg]
[html.rainbow-themes.net/setech/images/resource/insta-9.jpg]
[html.rainbow-themes.net/setech/blog-left-sidebar.html]
[html.rainbow-themes.net/setech/images/resource/post-img-1.jpg]
[html.rainbow-themes.net/setech/images/resource/post-img-2.jpg]
[html.rainbow-themes.net/setech/images/resource/post-thumb-4.jpg]
[html.rainbow-themes.net/setech/blog-post-audio.html]
[html.rainbow-themes.net/setech/blog-post-gallery.html]
[html.rainbow-themes.net/setech/blog-post-link.html]
[html.rainbow-themes.net/setech/blog-post-quote.html]
[html.rainbow-themes.net/setech/images/resource/blog-13.jpg]
[html.rainbow-themes.net/setech/blog-post-image.html]
[html.rainbow-themes.net/setech/blog-post-video.html]
[html.rainbow-themes.net/setech/images/gallery/15.jpg]
[html.rainbow-themes.net/setech/images/gallery/16.jpg]
[html.rainbow-themes.net/setech/images/gallery/17.jpg]
[html.rainbow-themes.net/setech/portfolio-single-small-images.html]
[html.rainbow-themes.net/setech/images/resource/small-slide-1.jpg]
[html.rainbow-themes.net/setech/images/resource/small-slide-2.jpg]
[html.rainbow-themes.net/setech/images/resource/small-slide-3.jpg]
[html.rainbow-themes.net/setech/portfolio-single-small-slider.html]
[html.rainbow-themes.net/setech/images/resource/large-slide-1.jpg]
[html.rainbow-themes.net/setech/images/resource/large-slide-2.jpg]
[html.rainbow-themes.net/setech/images/resource/large-slide-3.jpg]
[html.rainbow-themes.net/setech/portfolio-single-large-slider.html]
[html.rainbow-themes.net/setech/images/gallery/1.jpg]
[html.rainbow-themes.net/setech/images/gallery/2.jpg]
[html.rainbow-themes.net/setech/images/gallery/3.jpg]
[html.rainbow-themes.net/setech/images/gallery/5.jpg]
[html.rainbow-themes.net/setech/images/gallery/8.jpg]
[html.rainbow-themes.net/setech/images/gallery/10.jpg]
[html.rainbow-themes.net/setech/portfolio-single-gallery.html]
[html.rainbow-themes.net/setech/images/gallery/small-masonry-1.jpg]
[html.rainbow-themes.net/setech/images/gallery/small-masonry-2.jpg]
[html.rainbow-themes.net/setech/portfolio-single-small-masonry.html]
[html.rainbow-themes.net/setech/images/gallery/small-masonry-3.jpg]
[html.rainbow-themes.net/setech/images/gallery/large-masonry-1.jpg]
[html.rainbow-themes.net/setech/images/gallery/large-masonry-2.jpg]
[html.rainbow-themes.net/setech/images/gallery/large-masonry-3.jpg]
[html.rainbow-themes.net/setech/images/gallery/large-masonry-4.jpg]
[html.rainbow-themes.net/setech/images/gallery/large-masonry-6.jpg]
[html.rainbow-themes.net/setech/images/gallery/large-masonry-5.jpg]
[html.rainbow-themes.net/setech/portfolio-single-large-masonry.html]
[html.rainbow-themes.net/setech/portfolio-asymetric.html]
[html.rainbow-themes.net/setech/js/jquery.parallax-scroll.js]
[html.rainbow-themes.net/setech/images/gallery/mc-1.jpg]
[html.rainbow-themes.net/setech/images/gallery/mc-2.jpg]
[html.rainbow-themes.net/setech/images/gallery/mc-3.jpg]
[html.rainbow-themes.net/setech/images/gallery/mc-4.jpg]
[html.rainbow-themes.net/setech/images/gallery/mc-5.jpg]
[html.rainbow-themes.net/setech/images/gallery/mc-6.jpg]
[html.rainbow-themes.net/setech/images/gallery/mc-7.jpg]
[html.rainbow-themes.net/setech/images/gallery/mc-8.jpg]
[html.rainbow-themes.net/setech/images/gallery/mc-9.jpg]
[html.rainbow-themes.net/setech/images/gallery/mc-10.jpg]
[html.rainbow-themes.net/setech/images/gallery/mc-11.jpg]
[html.rainbow-themes.net/setech/images/gallery/mc-12.jpg]
[html.rainbow-themes.net/setech/images/gallery/mc-13.jpg]
[html.rainbow-themes.net/setech/images/gallery/mc-14.jpg]
[html.rainbow-themes.net/setech/images/gallery/mc-15.jpg]
[html.rainbow-themes.net/setech/images/gallery/mc-16.jpg]
[html.rainbow-themes.net/setech/images/gallery/mc-17.jpg]
[html.rainbow-themes.net/setech/images/gallery/mc-18.jpg]
[html.rainbow-themes.net/setech/images/gallery/mc-23.jpg]
[html.rainbow-themes.net/setech/images/gallery/mc-24.jpg]
[html.rainbow-themes.net/setech/images/gallery/mc-19.jpg]
[html.rainbow-themes.net/setech/images/gallery/mc-20.jpg]
[html.rainbow-themes.net/setech/images/gallery/mc-21.jpg]
[html.rainbow-themes.net/setech/images/gallery/mc-22.jpg]
[html.rainbow-themes.net/setech/portfolio-motion-category.html]
[html.rainbow-themes.net/setech/images/gallery/slider-1.jpg]
[html.rainbow-themes.net/setech/images/gallery/slider-2.jpg]
[html.rainbow-themes.net/setech/images/gallery/slider-3.jpg]
[html.rainbow-themes.net/setech/images/gallery/slider-4.jpg]
[html.rainbow-themes.net/setech/images/gallery/slider-5.jpg]
[html.rainbow-themes.net/setech/images/gallery/slider-6.jpg]
[html.rainbow-themes.net/setech/images/gallery/slider-7.jpg]
[html.rainbow-themes.net/setech/portfolio-slider.html]
[html.rainbow-themes.net/setech/images/gallery/12.jpg]
[html.rainbow-themes.net/setech/portfolio-masonry.html]
[html.rainbow-themes.net/setech/js/imagesloaded.min.js]
[html.rainbow-themes.net/setech/images/gallery/18.jpg]
[html.rainbow-themes.net/setech/portfolio-three-col.html]
[html.rainbow-themes.net/setech/images/gallery/slider-8.jpg]
[html.rainbow-themes.net/setech/portfolio-slide-left.html]
[html.rainbow-themes.net/setech/images/resource/products/1.jpg]
[html.rainbow-themes.net/setech/images/resource/products/2.jpg]
[html.rainbow-themes.net/setech/images/resource/products/3.jpg]
[html.rainbow-themes.net/setech/images/resource/products/4.jpg]
[html.rainbow-themes.net/setech/images/resource/products/5.jpg]
[html.rainbow-themes.net/setech/images/resource/products/6.jpg]
[html.rainbow-themes.net/setech/images/resource/products/7.jpg]
[html.rainbow-themes.net/setech/images/resource/products/8.jpg]
[html.rainbow-themes.net/setech/images/resource/products/9.jpg]
[html.rainbow-themes.net/setech/shop.html]
[html.rainbow-themes.net/setech/images/resource/products/product-single-1.jpg]
[html.rainbow-themes.net/setech/images/resource/products/product-single-2.jpg]
[html.rainbow-themes.net/setech/images/resource/products/product-single-3.jpg]
[html.rainbow-themes.net/setech/shop-single.html]
[html.rainbow-themes.net/setech/shopping-cart.html]
[html.rainbow-themes.net/setech/images/icons/paypal.png]
[html.rainbow-themes.net/setech/checkout.html]
[html.rainbow-themes.net/setech/images/background/13.jpg]
[html.rainbow-themes.net/setech/contact.html]
[html.rainbow-themes.net/setech/service-detail.html]
[html.rainbow-themes.net/setech/plugins/revolution/fonts/revicons/revicons90c6.svg]
[html.rainbow-themes.net/setech/plugins/revolution/css/openhand.html]
[html.rainbow-themes.net/setech/plugins/revolution/css/closedhand.html]
[html.rainbow-themes.net/setech/js/wow.js]
[html.rainbow-themes.net/setech/fonts/flaticon.eot]
[html.rainbow-themes.net/setech/fonts/flaticond41d.eot]
[html.rainbow-themes.net/setech/fonts/flaticon.woff2]
[html.rainbow-themes.net/setech/fonts/flaticon.woff]
[html.rainbow-themes.net/setech/fonts/flaticon.ttf]
[html.rainbow-themes.net/setech/css/flaticon.css]
[html.rainbow-themes.net/setech/fonts/fa-brands-400.eot]
[html.rainbow-themes.net/setech/fonts/flaticon.svg]
[html.rainbow-themes.net/setech/fonts/fa-brands-400d41d.eot]
[html.rainbow-themes.net/setech/fonts/fa-brands-400.woff2]
[html.rainbow-themes.net/setech/fonts/fa-brands-400.woff]
[html.rainbow-themes.net/setech/fonts/fa-brands-400.ttf]
[html.rainbow-themes.net/setech/fonts/fa-regular-400.eot]
[html.rainbow-themes.net/setech/fonts/fa-regular-400d41d.eot]
[html.rainbow-themes.net/setech/fonts/fa-regular-400.woff2]
[html.rainbow-themes.net/setech/fonts/fa-regular-400.woff]
[html.rainbow-themes.net/setech/fonts/fa-regular-400.ttf]
[html.rainbow-themes.net/setech/fonts/fa-solid-900.eot]
[html.rainbow-themes.net/setech/fonts/fa-regular-400.svg]
[html.rainbow-themes.net/setech/fonts/fa-solid-900d41d.eot]
[html.rainbow-themes.net/setech/fonts/fa-brands-400.svg]
[html.rainbow-themes.net/setech/fonts/fa-solid-900.woff2]
[html.rainbow-themes.net/setech/fonts/fa-solid-900.woff]
[html.rainbow-themes.net/setech/fonts/fa-solid-900.ttf]
[html.rainbow-themes.net/setech/css/fontawesome-all.css]
[html.rainbow-themes.net/setech/css/animate.css]
[html.rainbow-themes.net/setech/css/owl.video.play.png]
[html.rainbow-themes.net/setech/css/owl.css]
[html.rainbow-themes.net/setech/css/images/ui-icons_444444_256x240.png]
[html.rainbow-themes.net/setech/css/images/ui-icons_555555_256x240.png]
[html.rainbow-themes.net/setech/css/images/ui-icons_ffffff_256x240.png]
[html.rainbow-themes.net/setech/fonts/fa-solid-900.svg]
[html.rainbow-themes.net/setech/css/images/ui-icons_777620_256x240.png]
[html.rainbow-themes.net/setech/css/images/ui-icons_cc0000_256x240.png]
[html.rainbow-themes.net/setech/css/images/ui-icons_777777_256x240.png]
[html.rainbow-themes.net/setech/css/jquery-ui.min.css]
[html.rainbow-themes.net/setech/css/jquery.fancybox.min.css]
[html.rainbow-themes.net/setech/cart.html]
[html.rainbow-themes.net/setech/blog-single.html]
[html.rainbow-themes.net/setech/fonts/flaticon.svg]
[html.rainbow-themes.net/setech/images/main-slider/5.jpg]
[html.rainbow-themes.net/setech/images/main-slider/6.jpg]
[html.rainbow-themes.net/setech/fonts/fa-brands-400.svg]
[html.rainbow-themes.net/setech/fonts/fa-regular-400.svg]
[html.rainbow-themes.net/setech/fonts/fa-solid-900.svg]
[html.rainbow-themes.net/setech/css/owl.video.play.html]
[html.rainbow-themes.net/setech/css/images/ui-icons_ffffff_256x240.html]
[html.rainbow-themes.net/setech/css/images/ui-icons_777620_256x240.html]
[html.rainbow-themes.net/setech/css/images/ui-icons_cc0000_256x240.html]
[html.rainbow-themes.net/setech/css/images/ui-icons_777777_256x240.html]
